// Vitest Snapshot v1, https://vitest.dev/guide/snapshot.html

exports[`platform specific renders correctly 1`] = `
<Text>
  iOS
</Text>
`;
